/home/codespace/.config/matplotlib is not a writable directory
Matplotlib created a temporary cache directory at /tmp/matplotlib-2wjoebzn because there was an issue with the default path (/home/codespace/.config/matplotlib); it is highly recommended to set the MPLCONFIGDIR environment variable to a writable directory, in particular to speed up the import of Matplotlib and to better support multiprocessing.
633 rows: exact batch order and generator state for three epochs.
1267 rows: exact batch order and generator state for three epochs.
1908 rows: exact batch order and generator state for three epochs.
2549 rows: exact batch order and generator state for three epochs.
3177 rows: exact batch order and generator state for three epochs.
3809 rows: exact batch order and generator state for three epochs.
4441 rows: exact batch order and generator state for three epochs.
5073 rows: exact batch order and generator state for three epochs.
1987/16/LR 0.01: exact probabilities, loss history and checkpoint records at all three patience values.
1997/32_16/LR 0.3: exact probabilities, loss history and checkpoint records at all three patience values.
2017/64_32/LR 1: exact probabilities, loss history and checkpoint records at all three patience values.

2560 trajectories; 2560 pending
10/2560 completed: (1987, '16', 0.01, 101232)
20/2560 completed: (1987, '16', 0.03, 101232)
30/2560 completed: (1987, '16', 0.05, 101232)
40/2560 completed: (1987, '16', 0.1, 101232)
50/2560 completed: (1987, '16', 0.2, 101232)
60/2560 completed: (1987, '16', 0.3, 101232)
70/2560 completed: (1987, '16', 0.5, 101232)
80/2560 completed: (1987, '16', 1.0, 101232)
90/2560 completed: (1987, '32', 0.01, 101232)
100/2560 completed: (1987, '32', 0.03, 101232)
110/2560 completed: (1987, '32', 0.05, 101232)
120/2560 completed: (1987, '32', 0.1, 101232)
130/2560 completed: (1987, '32', 0.2, 101232)
140/2560 completed: (1987, '32', 0.3, 101232)
150/2560 completed: (1987, '32', 0.5, 101232)
160/2560 completed: (1987, '32', 1.0, 101232)
170/2560 completed: (1987, '32_16', 0.01, 101232)
180/2560 completed: (1987, '32_16', 0.03, 101232)
190/2560 completed: (1987, '32_16', 0.05, 101232)
200/2560 completed: (1987, '32_16', 0.1, 101232)
210/2560 completed: (1987, '32_16', 0.2, 101232)
220/2560 completed: (1987, '32_16', 0.3, 101232)
230/2560 completed: (1987, '32_16', 0.5, 101232)
240/2560 completed: (1987, '32_16', 1.0, 101232)
250/2560 completed: (1987, '64_32', 0.01, 101232)
260/2560 completed: (1987, '64_32', 0.03, 101232)
270/2560 completed: (1987, '64_32', 0.05, 101232)
280/2560 completed: (1987, '64_32', 0.1, 101232)
290/2560 completed: (1987, '64_32', 0.2, 101232)
300/2560 completed: (1987, '64_32', 0.3, 101232)
310/2560 completed: (1987, '64_32', 0.5, 101232)
320/2560 completed: (1987, '64_32', 1.0, 101232)
330/2560 completed: (1992, '16', 0.01, 101232)
340/2560 completed: (1992, '16', 0.03, 101232)
350/2560 completed: (1992, '16', 0.05, 101232)
360/2560 completed: (1992, '16', 0.1, 101232)
370/2560 completed: (1992, '16', 0.2, 101232)
380/2560 completed: (1992, '16', 0.3, 101232)
390/2560 completed: (1992, '16', 0.5, 101232)
400/2560 completed: (1992, '16', 1.0, 101232)
410/2560 completed: (1992, '32', 0.01, 101232)
420/2560 completed: (1992, '32', 0.03, 101232)
430/2560 completed: (1992, '32', 0.05, 101232)
440/2560 completed: (1992, '32', 0.1, 101232)
450/2560 completed: (1992, '32', 0.2, 101232)
460/2560 completed: (1992, '32', 0.3, 101232)
470/2560 completed: (1992, '32', 0.5, 101232)
480/2560 completed: (1992, '32', 1.0, 101232)
490/2560 completed: (1992, '32_16', 0.01, 101232)
500/2560 completed: (1992, '32_16', 0.03, 101232)
510/2560 completed: (1992, '32_16', 0.05, 101232)
520/2560 completed: (1992, '32_16', 0.1, 101232)
530/2560 completed: (1992, '32_16', 0.2, 101232)
540/2560 completed: (1992, '32_16', 0.3, 101232)
550/2560 completed: (1992, '32_16', 0.5, 101232)
560/2560 completed: (1992, '32_16', 1.0, 101232)
570/2560 completed: (1992, '64_32', 0.01, 101232)
580/2560 completed: (1992, '64_32', 0.03, 101232)
590/2560 completed: (1992, '64_32', 0.05, 101232)
600/2560 completed: (1992, '64_32', 0.1, 101232)
610/2560 completed: (1992, '64_32', 0.2, 101232)
620/2560 completed: (1992, '64_32', 0.3, 101232)
630/2560 completed: (1992, '64_32', 0.5, 101232)
640/2560 completed: (1992, '64_32', 1.0, 101232)
650/2560 completed: (1997, '16', 0.01, 101232)
660/2560 completed: (1997, '16', 0.03, 101232)
670/2560 completed: (1997, '16', 0.05, 101232)
680/2560 completed: (1997, '16', 0.1, 101232)
690/2560 completed: (1997, '16', 0.2, 101232)
700/2560 completed: (1997, '16', 0.3, 101232)
710/2560 completed: (1997, '16', 0.5, 101232)
720/2560 completed: (1997, '16', 1.0, 101232)
730/2560 completed: (1997, '32', 0.01, 101232)
740/2560 completed: (1997, '32', 0.03, 101232)
750/2560 completed: (1997, '32', 0.05, 101232)
760/2560 completed: (1997, '32', 0.1, 101232)
770/2560 completed: (1997, '32', 0.2, 101232)
780/2560 completed: (1997, '32', 0.3, 101232)
790/2560 completed: (1997, '32', 0.5, 101232)
800/2560 completed: (1997, '32', 1.0, 101232)
810/2560 completed: (1997, '32_16', 0.01, 101232)
820/2560 completed: (1997, '32_16', 0.03, 101232)
830/2560 completed: (1997, '32_16', 0.05, 101232)
840/2560 completed: (1997, '32_16', 0.1, 101232)
850/2560 completed: (1997, '32_16', 0.2, 101232)
860/2560 completed: (1997, '32_16', 0.3, 101232)
870/2560 completed: (1997, '32_16', 0.5, 101232)
880/2560 completed: (1997, '32_16', 1.0, 101232)
890/2560 completed: (1997, '64_32', 0.01, 101232)
900/2560 completed: (1997, '64_32', 0.03, 101232)
910/2560 completed: (1997, '64_32', 0.05, 101232)
920/2560 completed: (1997, '64_32', 0.1, 101232)
930/2560 completed: (1997, '64_32', 0.2, 101232)
940/2560 completed: (1997, '64_32', 0.3, 101232)
950/2560 completed: (1997, '64_32', 0.5, 101232)
960/2560 completed: (1997, '64_32', 1.0, 101232)
970/2560 completed: (2001, '16', 0.01, 101232)
980/2560 completed: (2001, '16', 0.03, 101232)
990/2560 completed: (2001, '16', 0.05, 101232)
1000/2560 completed: (2001, '16', 0.1, 101232)
1010/2560 completed: (2001, '16', 0.2, 101232)
1020/2560 completed: (2001, '16', 0.3, 101232)
1030/2560 completed: (2001, '16', 0.5, 101232)
1040/2560 completed: (2001, '16', 1.0, 101232)
1050/2560 completed: (2001, '32', 0.01, 101232)
1060/2560 completed: (2001, '32', 0.03, 101232)
1070/2560 completed: (2001, '32', 0.05, 101232)
1080/2560 completed: (2001, '32', 0.1, 101232)
1090/2560 completed: (2001, '32', 0.2, 101232)
1100/2560 completed: (2001, '32', 0.3, 101232)
1110/2560 completed: (2001, '32', 0.5, 101232)
1120/2560 completed: (2001, '32', 1.0, 101232)
1130/2560 completed: (2001, '32_16', 0.01, 101232)
1140/2560 completed: (2001, '32_16', 0.03, 101232)
1150/2560 completed: (2001, '32_16', 0.05, 101232)
1160/2560 completed: (2001, '32_16', 0.1, 101232)
1170/2560 completed: (2001, '32_16', 0.2, 101232)
1180/2560 completed: (2001, '32_16', 0.3, 101232)
1190/2560 completed: (2001, '32_16', 0.5, 101232)
1200/2560 completed: (2001, '32_16', 1.0, 101232)
1210/2560 completed: (2001, '64_32', 0.01, 101232)
1220/2560 completed: (2001, '64_32', 0.03, 101232)
1230/2560 completed: (2001, '64_32', 0.05, 101232)
1240/2560 completed: (2001, '64_32', 0.1, 101232)
1250/2560 completed: (2001, '64_32', 0.2, 101232)
1260/2560 completed: (2001, '64_32', 0.3, 101232)
1270/2560 completed: (2001, '64_32', 0.5, 101232)
1280/2560 completed: (2001, '64_32', 1.0, 101232)
1290/2560 completed: (2005, '16', 0.01, 101232)
1300/2560 completed: (2005, '16', 0.03, 101232)
1310/2560 completed: (2005, '16', 0.05, 101232)
1320/2560 completed: (2005, '16', 0.1, 101232)
1330/2560 completed: (2005, '16', 0.2, 101232)
1340/2560 completed: (2005, '16', 0.3, 101232)
1350/2560 completed: (2005, '16', 0.5, 101232)
1360/2560 completed: (2005, '16', 1.0, 101232)
1370/2560 completed: (2005, '32', 0.01, 101232)
1380/2560 completed: (2005, '32', 0.03, 101232)
1390/2560 completed: (2005, '32', 0.05, 101232)
1400/2560 completed: (2005, '32', 0.1, 101232)
1410/2560 completed: (2005, '32', 0.2, 101232)
1420/2560 completed: (2005, '32', 0.3, 101232)
1430/2560 completed: (2005, '32', 0.5, 101232)
1440/2560 completed: (2005, '32', 1.0, 101232)
1450/2560 completed: (2005, '32_16', 0.01, 101232)
1460/2560 completed: (2005, '32_16', 0.03, 101232)
1470/2560 completed: (2005, '32_16', 0.05, 101232)
1480/2560 completed: (2005, '32_16', 0.1, 101232)
1490/2560 completed: (2005, '32_16', 0.2, 101232)
1500/2560 completed: (2005, '32_16', 0.3, 101232)
1510/2560 completed: (2005, '32_16', 0.5, 101232)
1520/2560 completed: (2005, '32_16', 1.0, 101232)
1530/2560 completed: (2005, '64_32', 0.01, 101232)
1540/2560 completed: (2005, '64_32', 0.03, 101232)
1550/2560 completed: (2005, '64_32', 0.05, 101232)
1560/2560 completed: (2005, '64_32', 0.1, 101232)
1570/2560 completed: (2005, '64_32', 0.2, 101232)
1580/2560 completed: (2005, '64_32', 0.3, 101232)
1590/2560 completed: (2005, '64_32', 0.5, 101232)
1600/2560 completed: (2005, '64_32', 1.0, 101232)
1610/2560 completed: (2010, '16', 0.01, 101232)
1620/2560 completed: (2010, '16', 0.03, 101232)
1630/2560 completed: (2010, '16', 0.05, 101232)
1640/2560 completed: (2010, '16', 0.1, 101232)
1650/2560 completed: (2010, '16', 0.2, 101232)
1660/2560 completed: (2010, '16', 0.3, 101232)
1670/2560 completed: (2010, '16', 0.5, 101232)
1680/2560 completed: (2010, '16', 1.0, 101232)
1690/2560 completed: (2010, '32', 0.01, 101232)
1700/2560 completed: (2010, '32', 0.03, 101232)
1710/2560 completed: (2010, '32', 0.05, 101232)
1720/2560 completed: (2010, '32', 0.1, 101232)
1730/2560 completed: (2010, '32', 0.2, 101232)
1740/2560 completed: (2010, '32', 0.3, 101232)
1750/2560 completed: (2010, '32', 0.5, 101232)
1760/2560 completed: (2010, '32', 1.0, 101232)
1770/2560 completed: (2010, '32_16', 0.01, 101232)
1780/2560 completed: (2010, '32_16', 0.03, 101232)
1790/2560 completed: (2010, '32_16', 0.05, 101232)
1800/2560 completed: (2010, '32_16', 0.1, 101232)
1810/2560 completed: (2010, '32_16', 0.2, 101232)
1820/2560 completed: (2010, '32_16', 0.3, 101232)
1830/2560 completed: (2010, '32_16', 0.5, 101232)
1840/2560 completed: (2010, '32_16', 1.0, 101232)
1850/2560 completed: (2010, '64_32', 0.01, 101232)
1860/2560 completed: (2010, '64_32', 0.03, 101232)
1870/2560 completed: (2010, '64_32', 0.05, 101232)
1880/2560 completed: (2010, '64_32', 0.1, 101232)
1890/2560 completed: (2010, '64_32', 0.2, 101232)
1900/2560 completed: (2010, '64_32', 0.3, 101232)
1910/2560 completed: (2010, '64_32', 0.5, 101232)
1920/2560 completed: (2010, '64_32', 1.0, 101232)
1930/2560 completed: (2015, '16', 0.01, 101232)
1940/2560 completed: (2015, '16', 0.03, 101232)
1950/2560 completed: (2015, '16', 0.05, 101232)
1960/2560 completed: (2015, '16', 0.1, 101232)
1970/2560 completed: (2015, '16', 0.2, 101232)
1980/2560 completed: (2015, '16', 0.3, 101232)
1990/2560 completed: (2015, '16', 0.5, 101232)
2000/2560 completed: (2015, '16', 1.0, 101232)
2010/2560 completed: (2015, '32', 0.01, 101232)
2020/2560 completed: (2015, '32', 0.03, 101232)
2030/2560 completed: (2015, '32', 0.05, 101232)
2040/2560 completed: (2015, '32', 0.1, 101232)
2050/2560 completed: (2015, '32', 0.2, 101232)
2060/2560 completed: (2015, '32', 0.3, 101232)
2070/2560 completed: (2015, '32', 0.5, 101232)
2080/2560 completed: (2015, '32', 1.0, 101232)
2090/2560 completed: (2015, '32_16', 0.01, 101232)
2100/2560 completed: (2015, '32_16', 0.03, 101232)
2110/2560 completed: (2015, '32_16', 0.05, 101232)
2120/2560 completed: (2015, '32_16', 0.1, 101232)
2130/2560 completed: (2015, '32_16', 0.2, 101232)
2140/2560 completed: (2015, '32_16', 0.3, 101232)
2150/2560 completed: (2015, '32_16', 0.5, 101232)
